// Jest Snapshot v1, https://goo.gl/fbAQLP

exports[`<Footer /> should render 4 column topics 1`] = `
.c5 {
  color: #000000;
  position: relative;
  margin-bottom: 3.2rem;
  font-size: 1.6rem;
}

.c5::after {
  position: absolute;
  left: 0;
  bottom: -1rem;
  content: '';
  width: 5rem;
  border-bottom: 0.5rem solid #FF9000;
}

.c5::after {
  width: 3rem;
}

.c1 {
  width: 11rem;
  height: 3.3rem;
}

.c0 .c4 {
  text-transform: uppercase;
}

.c2 {
  display: grid;
  grid-template-columns: repeat(2,1fr);
  gap: 3.2rem;
  margin-top: 3.2rem;
}

.c3 a,
.c3 span {
  display: block;
  color: #7B7373;
  -webkit-text-decoration: none;
  text-decoration: none;
  margin-bottom: 0.8rem;
  font-size: 1.4rem;
}

.c3 a:hover {
  -webkit-text-decoration: underline;
  text-decoration: underline;
}

.c6 {
  color: #7B7373;
  font-size: 1.2rem;
  margin-top: 4.0rem;
  margin-bottom: 3.2rem;
  text-align: center;
}

@media (min-width:768px) {
  .c2 {
    grid-template-columns: repeat(4,1fr);
  }
}

<footer
  class="c0"
>
  <div
    class="c1"
  >
    <svg
      aria-label="Barber"
      fill="none"
      role="img"
      viewBox="0 0 323 192"
      xmlns="http://www.w3.org/2000/svg"
    >
      <defs />
      <path
        d="M154.841 30.0767l-2.47-7.0715h-.049c.07 1.0492.099 2.0354.099 2.9587v4.1128h-1.26v-8.4424h1.963l2.364 6.7357h.035l2.435-6.7357h1.97v8.4424h-1.337V25.88v-1.6507c0-.6785.042-1.0842.056-1.2241h-.049l-2.526 7.0715h-1.231zM166.745 30.0767l-2.469-7.0715h-.05c.071 1.0492.099 2.0354.099 2.9587v4.1128h-1.26v-8.4424h1.963l2.364 6.7357h.057l2.434-6.7357h1.97v8.4424h-1.337V25.88v-1.6507c0-.6785.042-1.0842.056-1.2241h-.042l-2.54 7.0715h-1.245zM160.286 43.5127h-1.604l-2.111-3.4973-2.152 3.4973h-1.492l2.814-4.3856-2.645-4.0778h1.548l1.97 3.2035 1.97-3.2035h1.505l-2.673 4.1198 2.87 4.3436zM168.673 35.0493h1.407l-2.983 8.4634h-1.463l-2.977-8.4634h1.408l1.773 5.2599c.117.3187.218.6432.302.9722.106.3987.169.6995.204.8814.049-.2938.127-.6295.232-1.0142.106-.3847.19-.6995.254-.8604l1.843-5.2389z"
        fill="#fff"
      />
      <path
        d="M161.496 192l-.506-.147L0 144.402V47.5978L161.496 0l.514.146885L323 47.5978v96.8042L161.496 192zM3.58115 141.744L161.496 188.286l157.923-46.542V50.2557L161.496 3.7141 3.58115 50.2557v91.4883z"
        fill="#B88C50"
      />
      <path
        d="M222.109 152.481c-.433.002-.853-.151-1.181-.433-.328-.281-.542-.67-.604-1.096-.062-.427.033-.861.268-1.222.235-.362.594-.627 1.01-.746l77.125-22.733V65.497l-82.134-24.1032c-.226-.0661-.436-.1758-.619-.3226-.182-.1469-.334-.3281-.447-.5334-.112-.2052-.183-.4305-.208-.6628-.024-.2324-.003-.4673.064-.6915.066-.2241.176-.433.324-.6148.148-.1817.33-.3328.537-.4445.206-.1117.433-.1819.666-.2065.234-.0247.47-.0034.696.0628l84.702 24.8585v66.105l-79.693 23.488c-.165.04-.336.056-.506.049zM101.257 152.691c-.171.001-.342-.023-.506-.07l-80.0591-23.495V63.0208l85.2651-25.1314c.228-.0738.469-.1012.708-.0804.239.0207.472.089.684.201.211.1119.398.2651.55.4505.151.1854.263.3991.329.6284.066.2294.085.4696.056.7064-.03.2368-.106.4653-.226.6719-.12.2066-.281.3871-.473.5306-.191.1436-.41.2473-.643.305L24.273 65.6787v60.7893l77.491 22.739c.427.109.8.37 1.045.735.245.364.346.806.283 1.241-.062.434-.285.83-.624 1.111-.338.281-.77.427-1.211.411v-.014z"
        fill="#B88C50"
      />
      <path
        d="M161.79 92.6546l-3.29 1.4059.261.6041 3.29-1.406-.261-.604z"
        fill="#1D1D1B"
      />
      <path
        d="M171.185 142.514c-.326 0-.645-.088-.923-.255-.279-.166-.507-.404-.66-.69-.915-1.713-3.969-7.442-8.106-15.318-4.326 8.254-7.457 14.122-8.098 15.318-.234.397-.613.688-1.058.813-.445.125-.922.075-1.33-.141-.408-.216-.717-.58-.862-1.016-.145-.437-.115-.912.084-1.327.704-1.336 4.545-8.506 9.681-18.326l1.583-3.036 1.591 3.036c4.925 9.408 8.653 16.402 9.681 18.326.144.271.215.575.206.882-.008.307-.097.606-.256.869s-.384.481-.653.633c-.268.151-.572.231-.88.232zm8.224-6.24c-.122-.001-.245-.013-.366-.035-2.554-.517-6.437-2.357-10.426-8.155-4.025-6.204-2.59-12.877-1.949-15.045l-1.07-2.469.444-.756c17.863-34.6368 28.409-57.2222 30.513-65.3218 2.983-11.4921.078-17.4514-1.97-20.0114l-38.253 88.5512c.641 2.168 2.111 8.834-1.92 15.003-4.018 5.84-7.901 7.694-10.462 8.197-.463.083-.939-.018-1.328-.281-.388-.263-.657-.666-.749-1.124-.092-.458 0-.934.257-1.325.257-.391.657-.666 1.116-.767 1.562-.315 4.7-1.609 8.19-6.68 3.771-5.805 1.343-12.436 1.315-12.499l-.253-.699.957-2.197c-12.474-24.2006-27.707-54.8717-30.415-65.3075-4.883-18.8223 4.685-25.1803 5.093-25.4671l1.78-1.1471 31.619 73.2048 31.66-73.2048 1.696 1.1891c.408.2587 9.976 6.6448 5.094 25.4671-2.709 10.4358-17.941 41.1068-30.416 65.3075l.957 2.197-.253.699c0 .063-2.427 6.736 1.344 12.541 3.461 5.029 6.599 6.295 8.161 6.638.407.113.761.365 1 .712.239.346.346.766.304 1.184-.042.418-.231.808-.534 1.101-.303.293-.7.47-1.122.5h-.014zM128.443 24.4808c-2.04 2.553-4.96 8.5193-1.97 20.0183 2.054 7.9319 12.221 29.7548 29.409 63.1749l2.42-14.0872-29.859-69.106zM60.9711 113.927c0 1.784-.5136 3.008-1.5409 3.686-1.0272.679-2.575 1.007-4.6294 1.007h-6.8879V71.0576h6.8879c2.0544 0 3.6022.3428 4.6294 1.0142 1.0273.6715 1.5409 1.9025 1.5409 3.6861v15.5979c.0419.4841-.0347.9711-.2234 1.4194-.1887.4483-.4838.8444-.8601 1.1545-.9765.6421-2.0889 1.0514-3.2505 1.1961v.1959c1.1417.0362 2.2573.3483 3.2505.9092.3843.2971.6856.687.8753 1.1327.1897.4457.2614.9323.2082 1.4134v15.15zm-4.6858-37.6515c0-1.3079-.5488-1.9584-1.6393-1.9584h-2.1107v19.116h2.1107c1.0905 0 1.6393-.6295 1.6393-1.8885V76.2755zm0 22.5784c0-1.266-.5488-1.8955-1.6393-1.8955h-2.1107v18.0736h2.1107c1.0905 0 1.6393-.629 1.6393-1.888V98.8539zM87.819 118.62h-4.8616l-.4573-8.673h-3.4756l-.394 8.673h-5.1853l3.6726-47.5624h7.0357L87.819 118.62zm-8.5975-11.806h3.0957L80.7975 76.94l-1.576 29.874zM113.218 108.639c0 .651 0 1.49.035 2.511.035 1.022.063 2.05.127 3.071.063 1.021.147 1.944.232 2.798.024.557.136 1.106.33 1.629h-4.791c-.194-.487-.294-1.007-.295-1.531-.071-.802-.127-1.735-.169-2.798-.042-1.042-.078-2.099-.099-3.134-.021-1.035 0-1.916 0-2.609v-9.7221c0-1.266-.549-1.8955-1.646-1.8955h-2.111v21.6826h-4.657V71.0786h6.888c2.054 0 3.602.3427 4.629 1.0142 1.027.6715 1.541 1.9025 1.541 3.6861v15.5979c.042.4841-.035.9711-.224 1.4194-.188.4483-.483.8444-.86 1.1545-.975.6471-2.087 1.0612-3.25 1.2101v.1958c1.142.0363 2.257.3484 3.25.9093.385.2971.686.687.876 1.1327.189.4457.261.9323.208 1.4133l-.014 9.8271zm-4.658-32.3634c0-1.308-.549-1.9585-1.646-1.9585h-2.111v19.116h2.111c1.097 0 1.646-.6295 1.646-1.8885v-15.269zM225.95 113.927c0 1.784-.514 3.008-1.541 3.686-1.027.679-2.575 1.007-4.629 1.007h-6.895V71.0576h6.895c2.054 0 3.595.3428 4.629 1.0142 1.034.6715 1.541 1.9025 1.541 3.6861v15.5979c.041.484-.036.9707-.225 1.4187-.189.4481-.483.8444-.858 1.1552-.976.6387-2.085 1.0477-3.244 1.1961v.1959c1.141.039 2.256.3509 3.251.9092.383.298.684.6881.873 1.1335.19.4455.262.9316.21 1.4126l-.007 15.15zm-4.665-37.6515c0-1.3079-.548-1.9584-1.639-1.9584h-2.111v19.116h2.111c1.091 0 1.639-.6295 1.639-1.8885V76.2755zm0 22.5784c0-1.266-.548-1.8955-1.639-1.8955h-2.111v18.0736h2.111c1.091 0 1.639-.629 1.639-1.888V98.8539zM249.71 96.2379h-5.713v18.4731h6.332v3.909h-10.99V71.0576h10.962v3.917h-6.333v17.6192h5.713l.029 3.6441zM275.967 108.639v2.511c0 1.022.07 2.05.133 3.071.064 1.021.141 1.944.233 2.798.027.556.136 1.105.323 1.629h-4.791c-.186-.49-.286-1.008-.296-1.531-.063-.805-.119-1.728-.161-2.798-.043-1.07-.078-2.099-.099-3.134-.021-1.035-.035-1.916-.035-2.609v-9.7221c0-1.266-.549-1.8955-1.639-1.8955h-2.111v21.6826h-4.665V71.0786h6.895c2.055 0 3.595.3427 4.623 1.0142 1.027.6715 1.547 1.9025 1.547 3.6861v15.5979c.041.484-.036.9707-.225 1.4187-.188.4481-.483.8444-.858 1.1552-.976.6446-2.088 1.0585-3.251 1.2101v.1958c1.142.0391 2.257.351 3.251.9093.383.298.684.6881.873 1.1335.19.4455.262.9316.21 1.4125l.043 9.8271zm-4.665-32.3634c0-1.308-.549-1.9585-1.639-1.9585h-2.111v19.116h2.111c1.09 0 1.639-.6295 1.639-1.8885v-15.269z"
        fill="#fff"
      />
      <path
        d="M138.23 167.512c-3.493 0-6.907-1.03-9.812-2.959-2.904-1.929-5.167-4.671-6.504-7.879-1.336-3.208-1.686-6.738-1.005-10.143.682-3.406 2.364-6.534 4.833-8.989 2.47-2.456 5.617-4.128 9.042-4.805 3.426-.678 6.977-.33 10.204.999 3.226 1.329 5.984 3.579 7.925 6.466 1.94 2.887 2.976 6.281 2.976 9.754-.006 4.654-1.868 9.116-5.178 12.408-3.311 3.291-7.8 5.142-12.481 5.148zm0-31.545c-2.784 0-5.504.82-7.818 2.357-2.314 1.537-4.118 3.722-5.183 6.278-1.065 2.556-1.343 5.369-.8 8.083.543 2.713 1.883 5.206 3.851 7.162 1.968 1.957 4.475 3.289 7.204 3.829 2.73.54 5.559.263 8.13-.796 2.572-1.059 4.769-2.852 6.315-5.152 1.547-2.301 2.372-5.006 2.372-7.772 0-1.837-.364-3.656-1.071-5.354-.707-1.697-1.744-3.239-3.051-4.538-1.306-1.299-2.857-2.329-4.565-3.033-1.707-.703-3.537-1.064-5.384-1.064zM184.763 167.512c-3.492 0-6.907-1.03-9.811-2.959s-5.167-4.671-6.504-7.879c-1.336-3.208-1.686-6.738-1.005-10.143.682-3.406 2.364-6.534 4.833-8.989 2.47-2.456 5.617-4.128 9.042-4.805 3.426-.678 6.977-.33 10.203.999 3.227 1.329 5.985 3.579 7.926 6.466 1.94 2.887 2.976 6.281 2.976 9.754-.006 4.654-1.868 9.116-5.179 12.408-3.31 3.291-7.799 5.142-12.481 5.148zm0-31.545c-2.783 0-5.503.82-7.817 2.357-2.314 1.537-4.118 3.722-5.183 6.278-1.065 2.556-1.343 5.369-.801 8.083.543 2.713 1.884 5.206 3.851 7.162 1.968 1.957 4.476 3.289 7.205 3.829 2.73.54 5.559.263 8.13-.796 2.571-1.059 4.769-2.852 6.315-5.152 1.546-2.301 2.372-5.006 2.372-7.772 0-1.837-.364-3.656-1.071-5.354-.708-1.697-1.744-3.239-3.051-4.538-1.306-1.299-2.858-2.329-4.565-3.033-1.707-.703-3.537-1.064-5.385-1.064z"
        fill="#fff"
      />
      <path
        d="M192.826 171.604c-.308.001-.611-.077-.879-.227-.269-.149-.494-.365-.655-.627l-2.99-4.896c-.122-.2-.203-.421-.239-.652-.035-.231-.025-.467.031-.694.056-.227.156-.441.295-.629.139-.189.314-.348.515-.469.201-.122.424-.202.656-.238.232-.035.47-.025.698.03.228.056.443.156.633.294.19.138.35.312.472.512l2.997 4.896c.165.27.255.579.26.894.005.316-.074.628-.231.903-.156.275-.383.504-.658.662-.275.159-.587.242-.905.241z"
        fill="#fff"
      />
    </svg>
  </div>
  <div
    class="c2"
  >
    <div
      class="c3"
    >
      <h2
        class="c4 c5"
        color="black"
      >
        Contact Us
      </h2>
      <a
        href="mailto:sac@barber.com"
      >
        sac@barber.com
      </a>
    </div>
    <div
      class="c3"
    >
      <h2
        class="c4 c5"
        color="black"
      >
        Follow us
      </h2>
      <nav
        aria-labelledby="social media"
      >
        <a
          href="https://www.instagram.com/barber"
          rel="noopenner, noreferrer"
          target="_blank"
        >
          Instagram
        </a>
        <a
          href="https://www.twitter.com/barber"
          rel="noopenner, noreferrer"
          target="_blank"
        >
          Twitter
        </a>
        <a
          href="https://www.youtube.com/barber"
          rel="noopenner, noreferrer"
          target="_blank"
        >
          Youtube
        </a>
        <a
          href="https://www.facebook.com/barber"
          rel="noopenner, noreferrer"
          target="_blank"
        >
          Facebook
        </a>
      </nav>
    </div>
    <div
      class="c3"
    >
      <h2
        class="c4 c5"
        color="black"
      >
        Links
      </h2>
      <nav
        aria-labelledby="footer resources"
      >
        <a
          href="/"
        >
          Home
        </a>
        <a
          href="/games"
        >
          Store
        </a>
        <a
          href="/search"
        >
          Buscar
        </a>
      </nav>
    </div>
    <div
      aria-labelledby="footer-contact"
      class="c3"
    >
      <h2
        class="c4 c5"
        color="black"
      >
        Location
      </h2>
      <span>
        Lorem ipsum dolor sit.
      </span>
      <span>
        Lorem Ipsum
      </span>
      <span>
        Lorem, ipsum dolor.
      </span>
    </div>
  </div>
  <div
    class="c6"
  >
    Barber 2020 © All rights reserved.
  </div>
</footer>
`;
